[www.tawatechnology.com/index.html]
[backblue.gif]
[fade.gif]
[index.html]
[www.tawatechnology.com/assets/img/hero-placeholder.jpg]
[www.tawatechnology.com/index-2.html]
[www.tawatechnology.com/assets/img/logo.webp]
[www.tawatechnology.com/software.html]
[www.tawatechnology.com/products.html]
[www.tawatechnology.com/training.html]
[www.tawatechnology.com/case-studies.html]
[www.tawatechnology.com/about.html]
[www.tawatechnology.com/blog.html]
[www.tawatechnology.com/assets/img/home_hero.webp]
[www.tawatechnology.com/assets/img/advocate_diary.webp]
[www.tawatechnology.com/assets/img/MicroFinanceSocietyManagement.webp]
[www.tawatechnology.com/assets/img/CustomBusinessApplication.webp]
[www.tawatechnology.com/assets/img/SmallBusinessDigitizationProject.webp]
[www.tawatechnology.com/assets/img/LegalWorkflowSolutionConcept.webp]
[www.tawatechnology.com/assets/img/TrainingProjectBasedLearningModel.webp]
[www.tawatechnology.com/faq.html]
[www.tawatechnology.com/privacy-policy.html]
[www.tawatechnology.com/terms.html]
[www.tawatechnology.com/assets/js/main.js]
[www.tawatechnology.com/index.html]
[www.tawatechnology.com/assets/img/hero-placeholder.html]
[www.tawatechnology.com/assets/css/style.css]
[www.tawatechnology.com/index-2.html]
[www.tawatechnology.com/assets/img/PracticalSoftwareDigitalSolutions.webp]
[www.tawatechnology.com/assets/img/advocate_diary_legal_domain.webp]
[www.tawatechnology.com/assets/img/MicroFinanceSocietyManagement_finance.webp]
[www.tawatechnology.com/cotact.php]
[www.tawatechnology.com/assets/img/CustomBusinessApplication_custom_build.webp]
[www.tawatechnology.com/assets/img/Business_process_digitization.webp]
[www.tawatechnology.com/assets/img/Professional_Services_Website.webp]
[www.tawatechnology.com/assets/img/Custom_Workflow_Application.webp]
[www.tawatechnology.com/software.html]
[www.tawatechnology.com/assets/img/Domain_Focused_Products.webp]
[www.tawatechnology.com/assets/img/advocate_diary_legal_domain.png]
[www.tawatechnology.com/products.html]
[www.tawatechnology.com/assets/img/RealTimeProject.webp]
[www.tawatechnology.com/assets/img/CoreJavaMiniProject.webp]
[www.tawatechnology.com/assets/img/SQL_PowerBI_Case.webp]
[www.tawatechnology.com/assets/img/ResponsiveWebsiteProject.webp]
[www.tawatechnology.com/training.html]
[www.tawatechnology.com/assets/img/PrrofThroughOutcomes.webp]
[www.tawatechnology.com/assets/img/Custom_Software.webp]
[www.tawatechnology.com/assets/img/ConversionFocusedBusiness.webp]
[www.tawatechnology.com/assets/img/DigitizationRoadmapPhasewiseImplementation.webp]
[www.tawatechnology.com/assets/img/DomainOrientedystemSetup.webp]
[www.tawatechnology.com/case-studies.html]
[www.tawatechnology.com/assets/img/EmpoweringBusinesses_StudentswithPracticalTechnology.webp]
[www.tawatechnology.com/about.html]
[www.tawatechnology.com/assets/img/Practical_Guides_Businesses_Learners.webp]
[www.tawatechnology.com/blog-how-to-plan-a-business-website.html]
[www.tawatechnology.com/blog-core-java-learning-path.html]
[www.tawatechnology.com/assets/img/Digitization_Checklist_Small_Businesses.webp]
[www.tawatechnology.com/assets/img/SEOBasicsforServiceBusinesses.webp]
[www.tawatechnology.com/assets/img/OOPConceptsExplained.webp]
[www.tawatechnology.com/assets/img/SQL_Joins_Practical_Guide.webp]
[www.tawatechnology.com/assets/img/ResponsiveWebsiteLayoutBasics.webp]
[www.tawatechnology.com/assets/img/ProductvsCustomSoftware.webp]
[www.tawatechnology.com/blog.html]
[www.tawatechnology.com/faq.html]
[www.tawatechnology.com/assets/img/legal-placeholder.jpg]
[www.tawatechnology.com/privacy-policy.html]
[www.tawatechnology.com/terms.html]
[www.tawatechnology.com/cotact.html]
[www.tawatechnology.com/assets/img/Plan_a_Business_Website_That_Generates_Leads.webp]
[www.tawatechnology.com/blog-how-to-plan-a-business-website.html]
[www.tawatechnology.com/assets/img/Core_Java_Learning_Path_Beginner_JobReady.webp]
[www.tawatechnology.com/blog-core-java-learning-path.html]
[www.tawatechnology.com/assets/img/legal-placeholder.html]
[www.tawatechnology.com/contact.html]
